     1                                  ;****************************************************
     2                                  ;【エントリポイント】
     3                                  ;****************************************************
     4                                  
     5                                  entry:
     6                                  
     7 00000000 EB58                    jmp	ipl		;IPLへジャンプ
     8                                  
     9                                  ;----------------------------
    10                                  ;【BPB(BIOS Parameter Block)】
    11                                  ;----------------------------
    12 00000002 90<rept>                times 90 - ($ - $$) db 0x90
    13                                  
    14                                  
    15                                  ;----------------------------
    16                                  ;【IPL(Initial Program Loader)】
    17                                  ;----------------------------
    18                                  ipl:
    19                                  
    20                                  
    21                                  ;----------------------------
    22                                  ;【処理の終了】
    23                                  ;----------------------------
    24 0000005A EBFE                    jmp $			;while(1); // 無限ループ
    25                                  
    26                                  
    27                                  ;****************************************************
    28                                  ;【ブートフラグ】(先頭512バイトの終了)
    29                                  ;****************************************************
    30 0000005C 00<rept>                times 510 - ($ - $$) db 0x00
    31 000001FE 55AA                    db 0x55,0xAA
